{"mention_candidate" : {"columns" : {"doc_id" : {"type" : "text", "annotations" : []}, "start_pos" : {"type" : "int", "annotations" : [{"name" : "textspan_start", "args" : {}}]}, "len" : {"type" : "int", "annotations" : [{"name" : "textspan_length", "args" : {}}]}}, "annotations" : [{"name" : "textspan", "args" : {"from" : "start_pos", "length" : "len"}}]}, "R" : {"columns" : {"p" : {"type" : "text", "annotations" : []}, "q" : {"type" : "int", "annotations" : []}, "r" : {"type" : "float", "annotations" : []}}, "annotations" : [{"name" : "foo", "args" : {}}, {"name" : "bar", "args" : {"x" : 1.0}}, {"name" : "qux", "args" : {"y" : 2.345}}]}}
