[error] parse-error-test/nested_multiline_comments/input.ddl[1.61] failure: string matching regex `\p{javaJavaIdentifierStart}\p{javaJavaIdentifierPart}*' expected but `*' found

/* Multi-line comments /* unfortunately cannot be nested */ */
                                                            ^
