labels_resolved(x INT,
                l INT).

q?(x INT).

q(x) = if l > 0 then true
	else if l < 0 then false
	else NULL
	end :-
    labels_resolved(x, l).

labels(x INT,
       l BOOLEAN).

p(x, if abs(l) > 10 then true
	else false
	end) :-
    labels(x, l).

p(x, if (x % 10) = 0 then false
	end) :-
    labels(x, l).

labels_resolved(x, SUM(if label IS NULL then 0
	else if label = true then 1
	else -1
	end)) :-
    labels(x, label).

